******************************************************************************
                  MSP430 Linker PC v16.9.3                     
******************************************************************************
>> Linked Mon Mar 19 19:34:31 2018

OUTPUT FILE NAME:   <location.out>
ENTRY POINT SYMBOL: "_c_int00_noargs"  address: 00004506


MEMORY CONFIGURATION

         name            origin    length      used     unused   attr    fill
----------------------  --------  ---------  --------  --------  ----  --------
  SFR                   00000000   00000010  00000000  00000010  RWIX
  PERIPHERALS_8BIT      00000010   000000f0  00000000  000000f0  RWIX
  PERIPHERALS_16BIT     00000100   00000100  00000000  00000100  RWIX
  CONFIG                00001800   00000200  000001e0  00000020  RWIX
  RAM                   00002400   00002000  00001621  000009df  RWIX
  FLASH                 00004400   00009380  00000ab8  000088c8  RWIX
  INT00                 0000d780   00000002  00000000  00000002  RWIX
  INT01                 0000d782   00000002  00000000  00000002  RWIX
  INT02                 0000d784   00000002  00000000  00000002  RWIX
  INT03                 0000d786   00000002  00000000  00000002  RWIX
  INT04                 0000d788   00000002  00000000  00000002  RWIX
  INT05                 0000d78a   00000002  00000000  00000002  RWIX
  INT06                 0000d78c   00000002  00000000  00000002  RWIX
  INT07                 0000d78e   00000002  00000000  00000002  RWIX
  INT08                 0000d790   00000002  00000000  00000002  RWIX
  INT09                 0000d792   00000002  00000000  00000002  RWIX
  INT10                 0000d794   00000002  00000000  00000002  RWIX
  INT11                 0000d796   00000002  00000000  00000002  RWIX
  INT12                 0000d798   00000002  00000000  00000002  RWIX
  INT13                 0000d79a   00000002  00000000  00000002  RWIX
  INT14                 0000d79c   00000002  00000000  00000002  RWIX
  INT15                 0000d79e   00000002  00000000  00000002  RWIX
  INT16                 0000d7a0   00000002  00000000  00000002  RWIX
  INT17                 0000d7a2   00000002  00000000  00000002  RWIX
  INT18                 0000d7a4   00000002  00000000  00000002  RWIX
  INT19                 0000d7a6   00000002  00000000  00000002  RWIX
  INT20                 0000d7a8   00000002  00000000  00000002  RWIX
  INT21                 0000d7aa   00000002  00000000  00000002  RWIX
  INT22                 0000d7ac   00000002  00000000  00000002  RWIX
  INT23                 0000d7ae   00000002  00000000  00000002  RWIX
  INT24                 0000d7b0   00000002  00000000  00000002  RWIX
  INT25                 0000d7b2   00000002  00000000  00000002  RWIX
  INT26                 0000d7b4   00000002  00000000  00000002  RWIX
  INT27                 0000d7b6   00000002  00000000  00000002  RWIX
  INT28                 0000d7b8   00000002  00000000  00000002  RWIX
  INT29                 0000d7ba   00000002  00000000  00000002  RWIX
  INT30                 0000d7bc   00000002  00000000  00000002  RWIX
  INT31                 0000d7be   00000002  00000000  00000002  RWIX
  INT32                 0000d7c0   00000002  00000000  00000002  RWIX
  INT33                 0000d7c2   00000002  00000000  00000002  RWIX
  INT34                 0000d7c4   00000002  00000000  00000002  RWIX
  INT35                 0000d7c6   00000002  00000000  00000002  RWIX
  INT36                 0000d7c8   00000002  00000000  00000002  RWIX
  INT37                 0000d7ca   00000002  00000000  00000002  RWIX
  INT38                 0000d7cc   00000002  00000000  00000002  RWIX
  INT39                 0000d7ce   00000002  00000000  00000002  RWIX
  INT40                 0000d7d0   00000002  00000000  00000002  RWIX
  INT41                 0000d7d2   00000002  00000002  00000000  RWIX
  INT42                 0000d7d4   00000002  00000002  00000000  RWIX
  INT43                 0000d7d6   00000002  00000002  00000000  RWIX
  INT44                 0000d7d8   00000002  00000002  00000000  RWIX
  INT45                 0000d7da   00000002  00000002  00000000  RWIX
  INT46                 0000d7dc   00000002  00000002  00000000  RWIX
  INT47                 0000d7de   00000002  00000002  00000000  RWIX
  INT48                 0000d7e0   00000002  00000002  00000000  RWIX
  INT49                 0000d7e2   00000002  00000002  00000000  RWIX
  INT50                 0000d7e4   00000002  00000002  00000000  RWIX
  INT51                 0000d7e6   00000002  00000000  00000002  RWIX
  INT52                 0000d7e8   00000002  00000002  00000000  RWIX
  INT53                 0000d7ea   00000002  00000002  00000000  RWIX
  INT54                 0000d7ec   00000002  00000002  00000000  RWIX
  INT55                 0000d7ee   00000002  00000002  00000000  RWIX
  INT56                 0000d7f0   00000002  00000002  00000000  RWIX
  INT57                 0000d7f2   00000002  00000002  00000000  RWIX
  INT58                 0000d7f4   00000002  00000002  00000000  RWIX
  INT59                 0000d7f6   00000002  00000002  00000000  RWIX
  INT60                 0000d7f8   00000002  00000002  00000000  RWIX
  INT61                 0000d7fa   00000002  00000002  00000000  RWIX
  INT62                 0000d7fc   00000002  00000002  00000000  RWIX
  RESET                 0000d7fe   00000002  00000002  00000000  RWIX
  FLASH2                00010000   00012200  0000740a  0000adf6  RWIX
  SFX_ID                00022200   00000200  00000014  000001ec  RWIX
  CONFIG_SFX            00022400   00002000  00000800  00001800  RWIX


SECTION ALLOCATION MAP

 output                                  attributes/
section   page    origin      length       input sections
--------  ----  ----------  ----------   ----------------
.config    0    00001800    000001e0     UNINITIALIZED
                  00001800    000001e0     loka-lib-rc.lib : parameters.obj (.config)

.sysmem    0    00002400    00000c00     UNINITIALIZED
                  00002400    00000006     rts430x_lc_rd_eabi.lib : memory.obj (.sysmem)
                  00002406    00000bfa     --HOLE--

.bss       0    00003000    00000111     UNINITIALIZED
                  00003000    00000096     (.common:DynamicMemoryTable)
                  00003096    00000020     (.common:in)
                  000030b6    00000010     (.common:key)
                  000030c6    0000000a     rts430x_lc_rd_eabi.lib : memory.obj (.bss)
                  000030d0    00000008     (.common:_ZN14SigfoxProtocol15receivedMessageE)
                  000030d8    00000007     loka-lib-rc.lib : transmission.obj (.bss)
                  000030df    00000001                     : radio.obj (.bss)
                  000030e0    00000006                     : Console.obj (.bss:_ZN7Console10serialPortE)
                  000030e6    00000006     (.common:Table_150bytes)
                  000030ec    00000004     (.common:_ZN14SigfoxProtocol11lastMessageE)
                  000030f0    00000004     (.common:_ZN4Loka16currentFrequencyE)
                  000030f4    00000004     (.common:_ZN4Loka16ui32BspMclkSpeedE)
                  000030f8    00000004     (.common:__dso_handle)
                  000030fc    00000004     (.common:id)
                  00003100    00000004     (.common:rs)
                  00003104    00000002     (.common:SysState)
                  00003106    00000002     (.common:_ZN6CC112511currentZoneE)
                  00003108    00000002     (.common:_ZN6CC112516changedFrequencyE)
                  0000310a    00000002     (.common:_ZN6CC11255powerE)
                  0000310c    00000002     (.common:offset_value)
                  0000310e    00000002     (.common:standard)
                  00003110    00000001     (.common:packetSemaphore)

.data      0    00003112    00000110     UNINITIALIZED
                  00003112    00000030     loka-lib-rc.lib : manufacturer_api.obj (.data:SFX_CONFIG_WORDS)
                  00003142    00000020                     : manufacturer_api.obj (.data:SFX_FREQUENCIES)
                  00003162    00000020                     : interruptions.obj (.data:port1_isr_tbl)
                  00003182    00000020                     : interruptions.obj (.data:port2_isr_tbl)
                  000031a2    00000014                     : rtc.obj (.data)
                  000031b6    00000010                     : uart.obj (.data:rx_buffer)
                  000031c6    00000010                     : uart.obj (.data:tx_buffer)
                  000031d6    00000008                     : manufacturer_api.obj (.data:SFX_CONFIG_MODES)
                  000031de    00000008                     : manufacturer_api.obj (.data:SFX_DEFAULT_CHANNEL_TABLE)
                  000031e6    00000008                     : manufacturer_api.obj (.data)
                  000031ee    00000006                     : SigfoxProtocol.obj (.data:_ZN14SigfoxProtocol8commandsE)
                  000031f4    00000006                     : manufacturer_api.obj (.data:nv_mem)
                  000031fa    00000004     rts430x_lc_rd_eabi.lib : exit_gvars.obj (.data:__TI_cleanup_ptr)
                  000031fe    00000004                            : exit_gvars.obj (.data:__TI_dtors_ptr)
                  00003202    00000004                            : _lock.obj (.data:_lock)
                  00003206    00000004                            : _lock.obj (.data:_unlock)
                  0000320a    00000004     loka-lib-rc.lib : sigfox_internal.obj (.data)
                  0000320e    00000004     rts430x_lc_rd_eabi.lib : dtor_list.obj (.data)
                  00003212    00000002     main.obj (.data:A0)
                  00003214    00000002     main.obj (.data:LED)
                  00003216    00000002     loka-lib-rc.lib : Console.obj (.data)
                  00003218    00000002                     : interruptions.obj (.data)
                  0000321a    00000002                     : sigfox_api.obj (.data)
                  0000321c    00000002     rts430x_lc_rd_eabi.lib : errno.obj (.data)
                  0000321e    00000002                            : exit.obj (.data)
                  00003220    00000002                            : memory.obj (.data)

.stack     0    00003c00    00000800     UNINITIALIZED
                  00003c00    00000004     rts430x_lc_rd_eabi.lib : boot.obj (.stack)
                  00003c04    000007fc     --HOLE--

.text:_isr 
*          0    00004400    00000154     
                  00004400    00000052     loka-lib-rc.lib : interruptions.obj (.text:_isr:port1_ISR)
                  00004452    00000052                     : interruptions.obj (.text:_isr:port2_ISR)
                  000044a4    00000042                     : rtc.obj (.text:_isr:RTC_ISR)
                  000044e6    00000020                     : uart.obj (.text:_isr:USCI_A0_ISR)
                  00004506    0000001c     rts430x_lc_rd_eabi.lib : boot_special.obj (.text:_isr:_c_int00_noargs)
                  00004522    00000018     loka-lib-rc.lib : timer.obj (.text:_isr:TIMER1_ISR)
                  0000453a    00000012                     : rtc.obj (.text:_isr:TIMERA0_ISR)
                  0000454c    00000008     rts430x_lc_rd_eabi.lib : isr_trap.obj (.text:_isr:__TI_ISR_TRAP)

.init_array 
*          0    00004554    00000004     
                  00004554    00000004     loka-lib-rc.lib : Console.obj (.init_array)

.const     0    00004558    000008c2     
                  00004558    00000200     loka-lib-rc.lib : radio.obj (.const:Table_Pa_600bps)
                  00004758    00000101     rts430x_lc_rd_eabi.lib : ctype.obj (.const:.string:_ctypes_)
                  00004859    00000001     --HOLE-- [fill = 0]
                  0000485a    00000100     loka-lib-rc.lib : ti_aes_128.obj (.const:.string:rsbox)
                  0000495a    00000100                     : ti_aes_128.obj (.const:.string:sbox)
                  00004a5a    000000bc                     : SigfoxProtocol.obj (.const:.string)
                  00004b16    000000a8                     : radio.obj (.const:HighPerfModeRx)
                  00004bbe    0000006c                     : radio.obj (.const:HighPerfModeTx)
                  00004c2a    00000054                     : sigfox_internal.obj (.const:fsync_lut_tx)
                  00004c7e    0000003a                     : main.obj (.const:.string)
                  00004cb8    00000026     rts430x_lc_rd_eabi.lib : _printfi.obj (.const:.string)
                  00004cde    00000025                            : typeinfo_.obj (.const:.typeinfo:_ZTSN10__cxxabiv120__si_class_type_infoE)
                  00004d03    00000001     --HOLE-- [fill = 0]
                  00004d04    00000022                            : typeinfo_.obj (.const:.typeinfo:_ZTSN10__cxxabiv117__class_type_infoE)
                  00004d26    0000001e     loka-lib-rc.lib : CC1125.obj (.const:.string)
                  00004d44    00000010                     : sigfox_decode.obj (.const:.string:log_alpha)
                  00004d54    00000010                     : sigfox_decode.obj (.const:.string:pow_alpha)
                  00004d64    00000010                     : SerialPort.obj (.const:_ZTV10SerialPort)
                  00004d74    00000010     rts430x_lc_rd_eabi.lib : typeinfo_.obj (.const:_ZTVN10__cxxabiv117__class_type_infoE)
                  00004d84    00000010                            : typeinfo_.obj (.const:_ZTVN10__cxxabiv120__si_class_type_infoE)
                  00004d94    0000000f     loka-lib-rc.lib : sigfox_internal.obj (.const:.string:length_lut)
                  00004da3    00000001     --HOLE-- [fill = 0]
                  00004da4    0000000d                     : SerialPort.obj (.const:.typeinfo:_ZTS10SerialPort)
                  00004db1    00000001     --HOLE-- [fill = 0]
                  00004db2    0000000d     rts430x_lc_rd_eabi.lib : typeinfo_.obj (.const:.typeinfo:_ZTSSt9type_info)
                  00004dbf    00000001     --HOLE-- [fill = 0]
                  00004dc0    0000000c     loka-lib-rc.lib : Console.obj (.const:.string)
                  00004dcc    0000000c                     : ConsoleInterface.obj (.const:.string)
                  00004dd8    0000000c     rts430x_lc_rd_eabi.lib : typeinfo_.obj (.const:.typeinfo:_ZTIN10__cxxabiv117__class_type_infoE)
                  00004de4    0000000c                            : typeinfo_.obj (.const:.typeinfo:_ZTIN10__cxxabiv120__si_class_type_infoE)
                  00004df0    0000000c     loka-lib-rc.lib : sigfox_scramb.obj (.const:lut_in_out)
                  00004dfc    0000000a                     : ti_aes_128.obj (.const:.string:Rcon)
                  00004e06    00000008                     : SerialPort.obj (.const:.typeinfo:_ZTI10SerialPort)
                  00004e0e    00000008     rts430x_lc_rd_eabi.lib : typeinfo_.obj (.const:.typeinfo:_ZTISt9type_info)
                  00004e16    00000004     loka-lib-rc.lib : sigfox_scramb.obj (.const:.string:lut_in)

.cinit     0    00004e1a    0000009e     
                  00004e1a    00000051     (.cinit..data.load) [load image, compression = lzss]
                  00004e6b    00000001     --HOLE-- [fill = 0]
                  00004e6c    0000000c     (__TI_handler_table)
                  00004e78    00000006     (.cinit..TI.bound:flash_array.load) [load image, compression = zero_init]
                  00004e7e    00000006     (.cinit..bss.load) [load image, compression = zero_init]
                  00004e84    00000006     (.cinit..config.load) [load image, compression = zero_init]
                  00004e8a    00000006     (.cinit..sfx_id.load) [load image, compression = zero_init]
                  00004e90    00000028     (__TI_cinit_table)

.sfx_id    0    00022200    00000014     UNINITIALIZED
                  00022200    00000014     loka-lib-rc.lib : CC1125.obj (.sfx_id)

RTC        0    0000d7d2    00000002     
                  0000d7d2    00000002     loka-lib-rc.lib : rtc.obj (.int41)

PORT2      0    0000d7d4    00000002     
                  0000d7d4    00000002     loka-lib-rc.lib : interruptions.obj (.int42)

TIMER2_A1 
*          0    0000d7d6    00000002     
                  0000d7d6    00000002     rts430x_lc_rd_eabi.lib : int43.obj (.int43)

TIMER2_A0 
*          0    0000d7d8    00000002     
                  0000d7d8    00000002     rts430x_lc_rd_eabi.lib : int44.obj (.int44)

USCI_B1    0    0000d7da    00000002     
                  0000d7da    00000002     rts430x_lc_rd_eabi.lib : int45.obj (.int45)

USCI_A1    0    0000d7dc    00000002     
                  0000d7dc    00000002     rts430x_lc_rd_eabi.lib : int46.obj (.int46)

PORT1      0    0000d7de    00000002     
                  0000d7de    00000002     loka-lib-rc.lib : interruptions.obj (.int47)

TIMER1_A1 
*          0    0000d7e0    00000002     
                  0000d7e0    00000002     rts430x_lc_rd_eabi.lib : int48.obj (.int48)

TIMER1_A0 
*          0    0000d7e2    00000002     
                  0000d7e2    00000002     loka-lib-rc.lib : timer.obj (.int49)

DMA        0    0000d7e4    00000002     
                  0000d7e4    00000002     rts430x_lc_rd_eabi.lib : int50.obj (.int50)

TIMER0_A1 
*          0    0000d7e8    00000002     
                  0000d7e8    00000002     rts430x_lc_rd_eabi.lib : int52.obj (.int52)

TIMER0_A0 
*          0    0000d7ea    00000002     
                  0000d7ea    00000002     loka-lib-rc.lib : rtc.obj (.int53)

ADC10      0    0000d7ec    00000002     
                  0000d7ec    00000002     rts430x_lc_rd_eabi.lib : int54.obj (.int54)

USCI_B0    0    0000d7ee    00000002     
                  0000d7ee    00000002     rts430x_lc_rd_eabi.lib : int55.obj (.int55)

USCI_A0    0    0000d7f0    00000002     
                  0000d7f0    00000002     loka-lib-rc.lib : uart.obj (.int56)

WDT        0    0000d7f2    00000002     
                  0000d7f2    00000002     rts430x_lc_rd_eabi.lib : int57.obj (.int57)

TIMER0_B1 
*          0    0000d7f4    00000002     
                  0000d7f4    00000002     rts430x_lc_rd_eabi.lib : int58.obj (.int58)

TIMER0_B0 
*          0    0000d7f6    00000002     
                  0000d7f6    00000002     rts430x_lc_rd_eabi.lib : int59.obj (.int59)

COMP_B     0    0000d7f8    00000002     
                  0000d7f8    00000002     rts430x_lc_rd_eabi.lib : int60.obj (.int60)

UNMI       0    0000d7fa    00000002     
                  0000d7fa    00000002     rts430x_lc_rd_eabi.lib : int61.obj (.int61)

SYSNMI     0    0000d7fc    00000002     
                  0000d7fc    00000002     rts430x_lc_rd_eabi.lib : int62.obj (.int62)

.reset     0    0000d7fe    00000002     
                  0000d7fe    00000002     rts430x_lc_rd_eabi.lib : boot.obj (.reset)

.TI.bound:flash_array 
*          0    00022400    00000800     UNINITIALIZED
                  00022400    00000800     loka-lib-rc.lib : flash_drv.obj (.TI.bound:flash_array)

.text      0    00010000    0000740a     
                  00010000    00000478     rts430x_lc_rd_eabi.lib : frcdivd.obj (.text:__TI_frcdivd)
                  00010478    000003cc     loka-lib-rc.lib : ti_aes_128.obj (.text:aes_enc_dec)
                  00010844    0000037e                     : sigfox_internal.obj (.text:SIGFOX_INT_compute_channels)
                  00010bc2    0000034e     rts430x_lc_rd_eabi.lib : div64u.obj (.text:__mspabi_divull)
                  00010f10    000002d8                            : addd.obj (.text:__mspabi_addd)
                  000111e8    00000286                            : frcmpyd.obj (.text:__TI_frcmpyd)
                  0001146e    00000282                            : mpyd.obj (.text:__mspabi_mpyd)
                  000116f0    00000260                            : _printfi.obj (.text:_pproc_fgea)
                  00011950    0000025e     loka-lib-rc.lib : sigfox_internal.obj (.text:SIGFOX_INT_send_frame)
                  00011bae    0000025e     rts430x_lc_rd_eabi.lib : _printfi.obj (.text:_setfield)
                  00011e0c    00000252                            : frcaddd.obj (.text:__TI_frcaddd)
                  0001205e    0000023c                            : _printfi.obj (.text:__TI_printfi)
                  0001229a    00000224                            : _printfi.obj (.text:acvt)
                  000124be    00000222                            : divd.obj (.text:__mspabi_divd)
                  000126e0    00000210                            : _printfi.obj (.text:ecvt)
                  000128f0    0000020e     loka-lib-rc.lib : sigfox_api.obj (.text:SIGFOX_API_send_frame)
                  00012afe    000001fe     rts430x_lc_rd_eabi.lib : _printfi.obj (.text:fcvt)
                  00012cfc    000001ca     loka-lib-rc.lib : sigfox_api.obj (.text:SIGFOX_API_open)
                  00012ec6    000001a4     rts430x_lc_rd_eabi.lib : _printfi.obj (.text:_pconv_e)
                  0001306a    000001a0                            : s_scalbn.obj (.text:scalbn)
                  0001320a    0000019a     loka-lib-rc.lib : sigfox_internal.obj (.text:SIGFOX_INT_build_frame)
                  000133a4    00000188     rts430x_lc_rd_eabi.lib : _printfi.obj (.text:_getarg_diouxp)
                  0001352c    00000170                            : _printfi.obj (.text:_pconv_a)
                  0001369c    0000015a     loka-lib-rc.lib : Loka.obj (.text:_ZN4Loka7pinModeE5digioh)
                  000137f6    00000148     rts430x_lc_rd_eabi.lib : _printfi.obj (.text:_pproc_diouxp)
                  0001393e    00000138     loka-lib-rc.lib : radio.obj (.text:RADIO_modulate)
                  00013a76    0000012a     rts430x_lc_rd_eabi.lib : _printfi.obj (.text:_ltostr)
                  00013ba0    0000011e     loka-lib-rc.lib : Loka.obj (.text:_ZN4Loka9setConfigEPKcS1_)
                  00013cbe    0000010e                     : sigfox_decode.obj (.text:SIGFOX_DECODE_decode_frame)
                  00013dcc    0000010e                     : Loka.obj (.text:_ZN4Loka28bspMcuGetSystemClockSettingsEmPhS0_Pm)
                  00013eda    00000100                     : Loka.obj (.text:_ZN4Loka19bspSysClockSpeedSetEm)
                  00013fda    000000fe                     : radio.obj (.text:RADIO_change_frequency)
                  000140d8    000000fc     rts430x_lc_rd_eabi.lib : _printfi.obj (.text:_pconv_g)
                  000141d4    000000fa                            : _printfi.obj (.text:_pproc_fwp)
                  000142ce    000000f6     loka-lib-rc.lib : CC1125.obj (.text:_ZN6CC11256turnOnEv)
                  000143c4    000000d8                     : manufacturer_api.obj (.text:MANUF_API_wait_frame)
                  0001449c    000000d8     rts430x_lc_rd_eabi.lib : cmpd.obj (.text:__mspabi_cmpd)
                  00014574    000000d4     loka-lib-rc.lib : sigfox_internal.obj (.text:SIGFOX_INT_change_frequency)
                  00014648    000000d4                     : uart.obj (.text:configure_uart)
                  0001471c    000000c6                     : sigfox_decode.obj (.text:SIGFOX_DECODE_dewhitening)
                  000147e2    000000c4                     : SerialPort.obj (.text:_ZN10SerialPort4initEilmm)
                  000148a6    000000bc                     : Loka.obj (.text:_ZN4Loka4initEv)
                  00014962    000000bc     rts430x_lc_rd_eabi.lib : memory.obj (.text:malloc)
                  00014a1e    000000bc     loka-lib-rc.lib : parameters.obj (.text:write_parameter)
                  00014ada    000000ba                     : sigfox_internal.obj (.text:SIGFOX_INT_receive_frame)
                  00014b94    000000b8                     : flash_drv.obj (.text:flash_write_wear_level)
                  00014c4c    000000b2     rts430x_lc_rd_eabi.lib : renormd.obj (.text:__TI_renormd)
                  00014cfe    000000b2                            : s_frexp.obj (.text:frexp)
                  00014db0    000000a6                            : _printfi.obj (.text:_pproc_str)
                  00014e56    000000a4     loka-lib-rc.lib : manufacturer_api.obj (.text:MANUF_API_delay)
                  00014efa    0000009e     rts430x_lc_rd_eabi.lib : fltlid.obj (.text:__mspabi_fltlid)
                  00014f98    00000098     loka-lib-rc.lib : radio.obj (.text:RADIO_init_chip)
                  00015030    00000090     main.obj (.text:_Z4loopv)
                  000150c0    00000090     rts430x_lc_rd_eabi.lib : _printfi.obj (.text:_ecpy)
                  00015150    00000090                            : _printfi.obj (.text:_mcpy)
                  000151e0    0000008e                            : memory.obj (.text:free)
                  0001526e    0000008c                            : cvtdf.obj (.text:__mspabi_cvtdf)
                  000152fa    00000082                            : autoinit_wdt.obj (.text:_auto_init_hold_wdt)
                  0001537c    00000080                            : fltuld.obj (.text:__mspabi_fltuld)
                  000153fc    00000080                            : ltoa.obj (.text:ltoa)
                  0001547c    0000007e     loka-lib-rc.lib : sigfox_scramb.obj (.text:SIGFOX_SCRAMB_compute)
                  000154fa    0000007e                     : SigfoxProtocol.obj (.text:_ZN14SigfoxProtocol19processReceivedDataEiPh)
                  00015578    00000078                     : manufacturer_api.obj (.text:MANUF_API_aes_128_cbc_encrypt)
                  000155f0    00000078     rts430x_lc_rd_eabi.lib : _printfi.obj (.text:_pconv_f)
                  00015668    00000078                            : copy_decompress_lzss.obj (.text:decompress:lzss:__TI_decompress_lzss)
                  000156e0    00000076     loka-lib-rc.lib : hal_spi_rf_trxeb.obj (.text:trxReadWriteBurstSingle)
                  00015756    0000006e                     : Loka.obj (.text:_ZN4Loka16bspMcuSetVCoreUpEh)
                  000157c4    0000006e                     : Console.obj (.text:_ZN7Console5debugEPcz)
                  00015832    0000006e     rts430x_lc_rd_eabi.lib : cvtfd.obj (.text:__mspabi_cvtfd)
                  000158a0    0000006e     loka-lib-rc.lib : parameters.obj (.text:read_parameter)
                  0001590e    0000006c                     : main.obj (.text:_Z12tc_rtos_initi)
                  0001597a    0000006c                     : SerialPort.obj (.text:_ZN10SerialPort5writeEh)
                  000159e6    0000006c                     : flash_drv.obj (.text:flash_read_wear_level)
                  00015a52    0000006c                     : uart.obj (.text:uart_tx_isr)
                  00015abe    0000006a                     : SigfoxProtocol.obj (.text:_ZN14SigfoxProtocol11srawMessageEPhi)
                  00015b28    0000006a                     : CC1125.obj (.text:_ZN6CC112515sendAndReadDataEPhiS0_)
                  00015b92    00000068     rts430x_lc_rd_eabi.lib : fixdul.obj (.text:__mspabi_fixdul)
                  00015bfa    00000066                            : fixdli.obj (.text:__mspabi_fixdli)
                  00015c60    00000066                            : cpy_tbl.obj (.text:copy_in)
                  00015cc6    00000062                            : atoi.obj (.text:atoi)
                  00015d28    0000005e     loka-lib-rc.lib : radio.obj (.text:RADIO_start_rf_carrier)
                  00015d86    0000005e                     : Loka.obj (.text:_ZN4Loka21set24MHzBoosterOnModeEv)
                  00015de4    0000005e                     : interruptions.obj (.text:intConnect)
                  00015e42    0000005c                     : sigfox_pn.obj (.text:SIGFOX_PN_next_pn)
                  00015e9e    0000005c                     : ConsoleInterface.obj (.text:console_debug)
                  00015efa    0000005a                     : SigfoxProtocol.obj (.text:_ZN14SigfoxProtocol15sendAnalogValueEid)
                  00015f54    0000005a                     : cc112x_spi.obj (.text:cc112xSpiReadReg)
                  00015fae    0000005a                     : cc112x_spi.obj (.text:cc112xSpiWriteReg)
                  00016008    00000058                     : radio.obj (.text:RADIO_stop_rf_carrier)
                  00016060    00000058     rts430x_lc_rd_eabi.lib : div32u.obj (.text)
                  000160b8    00000056     loka-lib-rc.lib : manufacturer_api.obj (.text:MANUF_API_rf_send)
                  0001610e    00000056                     : sigfox_api.obj (.text:SIGFOX_API_set_std_config)
                  00016164    00000056                     : CC1125.obj (.text:_ZN6CC11257turnOffEv)
                  000161ba    00000056     rts430x_lc_rd_eabi.lib : dtor_list.obj (.text:__cxa_finalize)
                  00016210    00000054     loka-lib-rc.lib : sigfox_hmac.obj (.text:SIGFOX_HMAC_compute_aes)
                  00016264    00000052                     : flash_drv.obj (.text:flash_erase_segment)
                  000162b6    00000050                     : Loka.obj (.text:_ZN4Loka21set1MHzBoosterOffModeEv)
                  00016306    0000004e     rts430x_lc_rd_eabi.lib : dtor_list.obj (.text:_Z11__TI_atexitPFYvPvES_S_)
                  00016354    0000004e                            : _printfi.obj (.text:_fcpy)
                  000163a2    0000004c     loka-lib-rc.lib : Loka.obj (.text:_ZN4Loka9getConfigEPKcPc)
                  000163ee    0000004a     rts430x_lc_rd_eabi.lib : exit.obj (.text:exit)
                  00016438    0000004a     loka-lib-rc.lib : interruptions.obj (.text:intSetEdge)
                  00016482    0000004a                     : uart.obj (.text:store_char)
                  000164cc    00000048                     : buf_double.obj (.text:insert_float)
                  00016514    00000048                     : hal_spi_rf_trxeb.obj (.text:trx16BitRegAccess)
                  0001655c    00000046                     : LokaAnalog.obj (.text:_ZN10LokaAnalog10analogReadE5digio)
                  000165a2    00000044                     : flash_drv.obj (.text:flash_write_data)
                  000165e6    00000044     rts430x_lc_rd_eabi.lib : sprintf.obj (.text:sprintf)
                  0001662a    00000042                            : memory.obj (.text:minit)
                  0001666c    00000040     loka-lib-rc.lib : sigfox_api.obj (.text:SIGFOX_API_close)
                  000166ac    00000040                     : Loka.obj (.text:_ZN4Loka27bspMcuSetVCoreForBoosterOffEv)
                  000166ec    00000040     rts430x_lc_rd_eabi.lib : div32s.obj (.text)
                  0001672c    0000003e     loka-lib-rc.lib : CC1125.obj (.text:_ZN6CC11254initEi)
                  0001676a    0000003e     rts430x_lc_rd_eabi.lib : asr32.obj (.text:l_asr_const)
                  000167a8    0000003e                            : lsl32.obj (.text:l_lsl_const)
                  000167e6    0000003e                            : lsr32.obj (.text:l_lsr_const)
                  00016824    0000003e     loka-lib-rc.lib : hal_spi_rf_trxeb.obj (.text:trxRfSpiInterfaceInit)
                  00016862    0000003a     rts430x_lc_rd_eabi.lib : lsl64.obj (.text:__mspabi_sllll)
                  0001689c    0000003a                            : lsr64.obj (.text:__mspabi_srlll)
                  000168d6    0000003a     loka-lib-rc.lib : hal_spi_rf_trxeb.obj (.text:trx8BitRegAccess)
                  00016910    0000003a     rts430x_lc_rd_eabi.lib : vsprintf.obj (.text:vsprintf)
                  0001694a    00000038     loka-lib-rc.lib : buf_double.obj (.text:read_int)
                  00016982    00000036                     : sigfox_crc.obj (.text:SIGFOX_CRC_crc16)
                  000169b8    00000036                     : sigfox_crc.obj (.text:SIGFOX_CRC_crc8)
                  000169ee    00000034                     : Loka.obj (.text:_ZN4Loka15setLowPowerModeEi)
                  00016a22    00000034                     : parameters.obj (.text:flash_seg_erase)
                  00016a56    00000034                     : hal_spi_rf_trxeb.obj (.text:trxRfSpiInterfaceDeinit)
                  00016a8a    00000034                     : rtc.obj (.text:usleep)
                  00016abe    00000032     rts430x_lc_rd_eabi.lib : subd.obj (.text:__mspabi_subd)
                  00016af0    00000030     loka-lib-rc.lib : Loka.obj (.text:_ZN4Loka18bspMcuSetVCoreDownEh)
                  00016b20    0000002e                     : Loka.obj (.text:_ZN4Loka14bspMcuStartXT1Ev)
                  00016b4e    0000002e     rts430x_lc_rd_eabi.lib : negd.obj (.text:__mspabi_negd)
                  00016b7c    0000002e                            : s_copysign.obj (.text:copysign)
                  00016baa    0000002e     loka-lib-rc.lib : interruptions.obj (.text:intClear)
                  00016bd8    0000002e                     : interruptions.obj (.text:intDisable)
                  00016c06    0000002c                     : SerialPort.obj (.text:_ZN10SerialPort5writeEPc)
                  00016c32    0000002a                     : interruptions.obj (.text:intEnable)
                  00016c5c    0000002a                     : parameters.obj (.text:parameter_reset)
                  00016c86    00000028                     : manufacturer_api.obj (.text:MANUF_API_timer_start)
                  00016cae    00000028                     : transmission.obj (.text:TxProcess)
                  00016cd6    00000028                     : Loka.obj (.text:_ZN4Loka26bspMcuSetVCoreForBoosterOnEv)
                  00016cfe    00000028     rts430x_lc_rd_eabi.lib : fixdi.obj (.text:__mspabi_fixdi)
                  00016d26    00000026     loka-lib-rc.lib : manufacturer_api.obj (.text:MANUF_API_malloc)
                  00016d4c    00000026                     : hal_spi_rf_trxeb.obj (.text:trxSpiCmdStrobe)
                  00016d72    00000024                     : manufacturer_api.obj (.text:MANUF_API_free)
                  00016d96    00000024                     : transmission.obj (.text:Read_Bit)
                  00016dba    00000024                     : Loka.obj (.text:_ZN4Loka14bspMcuSetVCoreEh)
                  00016dde    00000024     rts430x_lc_rd_eabi.lib : copy_zero_init.obj (.text:decompress:ZI:__TI_zero_init)
                  00016e02    00000024                            : mult32_f5hw.obj (.text)
                  00016e26    00000020     loka-lib-rc.lib : manufacturer_api.obj (.text:MANUF_API_get_nv_mem)
                  00016e46    00000020                     : Console.obj (.text:_ZN7Console4initEi)
                  00016e66    00000020     rts430x_lc_rd_eabi.lib : sprintf.obj (.text:_outs)
                  00016e86    00000020                            : vsprintf.obj (.text:_outs)
                  00016ea6    00000020     loka-lib-rc.lib : rtc.obj (.text:set_wakeup)
                  00016ec6    0000001e                     : sigfox_decode.obj (.text:SIGFOX_DECODE_dewhitening_pn)
                  00016ee4    0000001e                     : SerialPort.obj (.text:_ZN10SerialPort4initEil)
                  00016f02    0000001e     rts430x_lc_rd_eabi.lib : memccpy.obj (.text:memccpy)
                  00016f20    0000001e     loka-lib-rc.lib : trx_rf_int.obj (.text:trxIsrConnect)
                  00016f3e    0000001c                     : flash_drv.obj (.text:flash_read_data)
                  00016f5a    0000001c                     : rtc.obj (.text:init_rtc)
                  00016f76    0000001c     rts430x_lc_rd_eabi.lib : strchr.obj (.text:strchr)
                  00016f92    0000001c                            : strcmp.obj (.text:strcmp)
                  00016fae    0000001a     loka-lib-rc.lib : radio.obj (.text:RADIO_close_chip)
                  00016fc8    0000001a                     : timer.obj (.text:TIMER_bitrate_init)
                  00016fe2    0000001a                     : uart.obj (.text:uart_rx_isr)
                  00016ffc    00000018                     : manufacturer_api.obj (.text:MANUF_API_rf_init)
                  00017014    00000018                     : LokaAnalog.obj (.text:_ZN10LokaAnalog4initEv)
                  0001702c    00000018                     : Loka.obj (.text:_ZN4Loka7StopSVSEv)
                  00017044    00000018                     : Loka.obj (.text:_ZN4Loka8StartSVSEv)
                  0001705c    00000018                     : Console.obj (.text:__sti___11_Console_cpp_1b5f5091)
                  00017074    00000018     rts430x_lc_rd_eabi.lib : mult16_f5hw.obj (.text)
                  0001708c    00000016     loka-lib-rc.lib : manufacturer_api.obj (.text:MANUF_API_get_voltage_temperature)
                  000170a2    00000016                     : manufacturer_api.obj (.text:MANUF_API_set_nv_mem)
                  000170b8    00000016                     : manufacturer_api.obj (.text:MANUF_API_timer_wait_for_end)
                  000170ce    00000016     main.obj (.text:_Z5setupv)
                  000170e4    00000016     loka-lib-rc.lib : Loka.obj (.text:_ZN4Loka10analogReadE5digio)
                  000170fa    00000016     rts430x_lc_rd_eabi.lib : memset.obj (.text:memset)
                  00017110    00000016                            : div16u.obj (.text)
                  00017126    00000014     loka-lib-rc.lib : SigfoxProtocol.obj (.text:_ZN14SigfoxProtocol7sendAckEv)
                  0001713a    00000014     rts430x_lc_rd_eabi.lib : sprintf.obj (.text:_outc)
                  0001714e    00000014                            : vsprintf.obj (.text:_outc)
                  00017162    00000014                            : memcpy.obj (.text:memcpy)
                  00017176    00000014     loka-lib-rc.lib : rtc.obj (.text:start_timer)
                  0001718a    00000014                     : trx_rf_int.obj (.text:trxClearIntFlag)
                  0001719e    00000014                     : trx_rf_int.obj (.text:trxDisableInt)
                  000171b2    00000014                     : trx_rf_int.obj (.text:trxEnableInt)
                  000171c6    00000012                     : sigfox_api.obj (.text:SIGFOX_API_reset)
                  000171d8    00000012                     : Console.obj (.text:_ZN7Console5writeEPc)
                  000171ea    00000012     rts430x_lc_rd_eabi.lib : fixdu.obj (.text:__mspabi_fixdu)
                  000171fc    00000012                            : copy_decompress_none.obj (.text:decompress:none:__TI_decompress_none)
                  0001720e    00000012     main.obj (.text:main)
                  00017220    00000012     loka-lib-rc.lib : rtc.obj (.text:millis)
                  00017232    00000012     rts430x_lc_rd_eabi.lib : strcpy.obj (.text:strcpy)
                  00017244    00000012                            : toupper.obj (.text:toupper)
                  00017256    00000010     loka-lib-rc.lib : cc112x_spi.obj (.text:cc112xSpiReadRxFifo)
                  00017266    00000010                     : ti_aes_128.obj (.text:galois_mul2)
                  00017276    00000010     rts430x_lc_rd_eabi.lib : asr32.obj (.text:l_asr)
                  00017286    00000010                            : lsl32.obj (.text:l_lsl)
                  00017296    00000010                            : lsr32.obj (.text:l_lsr)
                  000172a6    00000010     loka-lib-rc.lib : rtc.obj (.text:pause_timer)
                  000172b6    0000000e                     : manufacturer_api.obj (.text:MANUF_API_get_rssi)
                  000172c4    0000000e                     : timer.obj (.text:TIMER_bitrate_start)
                  000172d2    0000000e                     : transmission.obj (.text:TxInit)
                  000172e0    0000000e                     : LokaAnalog.obj (.text:_ZN10LokaAnalog13startADC_2_5VEv)
                  000172ee    0000000e                     : LokaAnalog.obj (.text:_ZN10LokaAnalog7stopADCEv)
                  000172fc    0000000e     rts430x_lc_rd_eabi.lib : strlen.obj (.text:strlen)
                  0001730a    0000000c     loka-lib-rc.lib : timer.obj (.text:TIMER_bitrate_stop)
                  00017316    0000000c                     : Loka.obj (.text:_ZN4Loka11eraseConfigEv)
                  00017322    0000000c     rts430x_lc_rd_eabi.lib : fltid.obj (.text:__mspabi_fltid)
                  0001732e    0000000a     loka-lib-rc.lib : SerialPort.obj (.text:_ZN10SerialPortC1Ev)
                  00017338    0000000a                     : SerialPort.obj (.text:_ZN10SerialPortD0Ev)
                  00017342    0000000a     rts430x_lc_rd_eabi.lib : typeinfo_.obj (.text:_ZN10__cxxabiv117__class_type_infoD0Ev)
                  0001734c    0000000a                            : typeinfo_.obj (.text:_ZN10__cxxabiv120__si_class_type_infoD0Ev)
                  00017356    0000000a     loka-lib-rc.lib : SigfoxProtocol.obj (.text:_ZN14SigfoxProtocol4initE10SigfoxMode)
                  00017360    0000000a                     : Loka.obj (.text:_ZN4Loka19getCurrentFrequencyEv)
                  0001736a    0000000a     rts430x_lc_rd_eabi.lib : delete.obj (.text:_ZdlPv)
                  00017374    0000000a                            : abs.obj (.text:abs)
                  0001737e    0000000a     loka-lib-rc.lib : rtc.obj (.text:getTime)
                  00017388    0000000a     rts430x_lc_rd_eabi.lib : lsl16.obj (.text)
                  00017392    0000000a                            : lsr16.obj (.text)
                  0001739c    0000000a     loka-lib-rc.lib : rtc.obj (.text:setTime)
                  000173a6    00000008                     : manufacturer_api.obj (.text:MANUF_API_change_frequency)
                  000173ae    00000008                     : manufacturer_api.obj (.text:MANUF_API_rf_stop)
                  000173b6    00000008                     : radio.obj (.text:RADIO_rx_packet_interrupt_handler)
                  000173be    00000008                     : Loka.obj (.text:_ZN4Loka13watchdogResetEv)
                  000173c6    00000008                     : Loka.obj (.text:_ZN4Loka15disableWatchdogEv)
                  000173ce    00000006                     : CC1125.obj (.text:_ZN6CC11258sendDataEPhi)
                  000173d4    00000006     rts430x_lc_rd_eabi.lib : dtor_list.obj (.text:__cxa_ia64_exit)
                  000173da    00000006                            : fltud.obj (.text:__mspabi_fltud)
                  000173e0    00000006                            : exit.obj (.text:abort)
                  000173e6    00000006     loka-lib-rc.lib : rtc.obj (.text:set_timer_base)
                  000173ec    00000004                     : manufacturer_api.obj (.text:MANUF_API_timer_start_carrier_sense)
                  000173f0    00000004                     : manufacturer_api.obj (.text:MANUF_API_timer_stop)
                  000173f4    00000004                     : manufacturer_api.obj (.text:MANUF_API_timer_stop_carrier_sense)
                  000173f8    00000004                     : manufacturer_api.obj (.text:MANUF_API_wait_for_clear_channel)
                  000173fc    00000004     rts430x_lc_rd_eabi.lib : pre_init.obj (.text:_system_pre_init)
                  00017400    00000002     loka-lib-rc.lib : SerialPort.obj (.text:_ZN10SerialPortD1Ev)
                  00017402    00000002     rts430x_lc_rd_eabi.lib : typeinfo_.obj (.text:_ZN10__cxxabiv117__class_type_infoD1Ev)
                  00017404    00000002                            : typeinfo_.obj (.text:_ZN10__cxxabiv120__si_class_type_infoD1Ev)
                  00017406    00000002                            : _lock.obj (.text:_nop)
                  00017408    00000002                            : startup.obj (.text:_system_post_cinit)

MODULE SUMMARY

       Module                     code    ro data   rw data
       ------                     ----    -------   -------
    .\
       main.obj                   184     0         4      
    +--+--------------------------+-------+---------+---------+
       Total:                     184     0         4      
                                                           
    C:/Users/Fortencho/Desktop/loka-lib-rc.lib
       flash_drv.obj              470     0         2048   
       sigfox_internal.obj        2308    99        4      
       Loka.obj                   2100    0         33     
       radio.obj                  934     788       1      
       ti_aes_128.obj             988     522       0      
       sigfox_api.obj             1152    0         6      
       manufacturer_api.obj       868     0         268    
       parameters.obj             392     0         480    
       CC1125.obj                 506     30        26     
       SigfoxProtocol.obj         352     188       18     
       interruptions.obj          466     4         66     
       sigfox_decode.obj          498     32        0      
       uart.obj                   452     2         32     
       SerialPort.obj             400     37        0      
       hal_spi_rf_trxeb.obj       400     0         0      
       rtc.obj                    276     4         20     
       Console.obj                184     16        8      
       cc112x_spi.obj             196     0         0      
       main.obj                   108     58        0      
       sigfox_scramb.obj          126     16        0      
       buf_double.obj             128     0         0      
       LokaAnalog.obj             122     0         0      
       sigfox_hmac.obj            84      0         32     
       sigfox_crc.obj             108     0         0      
       ConsoleInterface.obj       92      12        0      
       transmission.obj           90      0         7      
       sigfox_pn.obj              92      0         0      
       trx_rf_int.obj             90      0         0      
       timer.obj                  76      2         0      
    +--+--------------------------+-------+---------+---------+
       Total:                     14058   1810      3049   
                                                           
    C:\ti\ccsv7\tools\compiler\ti-cgt-msp430_16.9.3.LTS\lib\rts430x_lc_rd_eabi.lib
       _printfi.obj               6332    38        0      
       frcdivd.obj                1144    0         0      
       div64u.obj                 846     0         0      
       addd.obj                   728     0         0      
       frcmpyd.obj                646     0         0      
       mpyd.obj                   642     0         0      
       frcaddd.obj                594     0         0      
       divd.obj                   546     0         0      
       s_scalbn.obj               416     0         0      
       memory.obj                 396     0         12     
       ctype.obj                  0       257       0      
       cmpd.obj                   216     0         0      
       dtor_list.obj              170     0         8      
       renormd.obj                178     0         0      
       s_frexp.obj                178     0         0      
       typeinfo_.obj              24      148       0      
       fltlid.obj                 158     0         0      
       cvtdf.obj                  140     0         0      
       autoinit_wdt.obj           130     0         0      
       fltuld.obj                 128     0         0      
       ltoa.obj                   128     0         0      
       copy_decompress_lzss.obj   120     0         0      
       sprintf.obj                120     0         0      
       cvtfd.obj                  110     0         0      
       vsprintf.obj               110     0         0      
       fixdul.obj                 104     0         0      
       cpy_tbl.obj                102     0         0      
       fixdli.obj                 102     0         0      
       atoi.obj                   98      0         0      
       div32u.obj                 88      0         0      
       exit.obj                   80      0         2      
       asr32.obj                  78      0         0      
       lsl32.obj                  78      0         0      
       lsr32.obj                  78      0         0      
       div32s.obj                 64      0         0      
       lsl64.obj                  58      0         0      
       lsr64.obj                  58      0         0      
       subd.obj                   50      0         0      
       negd.obj                   46      0         0      
       s_copysign.obj             46      0         0      
       fixdi.obj                  40      0         0      
       copy_zero_init.obj         36      0         0      
       mult32_f5hw.obj            36      0         0      
       memccpy.obj                30      0         0      
       boot_special.obj           28      0         0      
       strchr.obj                 28      0         0      
       strcmp.obj                 28      0         0      
       mult16_f5hw.obj            24      0         0      
       div16u.obj                 22      0         0      
       memset.obj                 22      0         0      
       memcpy.obj                 20      0         0      
       copy_decompress_none.obj   18      0         0      
       fixdu.obj                  18      0         0      
       strcpy.obj                 18      0         0      
       toupper.obj                18      0         0      
       strlen.obj                 14      0         0      
       fltid.obj                  12      0         0      
       _lock.obj                  2       0         8      
       abs.obj                    10      0         0      
       delete.obj                 10      0         0      
       lsl16.obj                  10      0         0      
       lsr16.obj                  10      0         0      
       exit_gvars.obj             0       0         8      
       isr_trap.obj               8       0         0      
       fltud.obj                  6       0         0      
       pre_init.obj               4       0         0      
       boot.obj                   0       2         0      
       errno.obj                  0       0         2      
       int43.obj                  0       2         0      
       int44.obj                  0       2         0      
       int45.obj                  0       2         0      
       int46.obj                  0       2         0      
       int48.obj                  0       2         0      
       int50.obj                  0       2         0      
       int52.obj                  0       2         0      
       int54.obj                  0       2         0      
       int55.obj                  0       2         0      
       int57.obj                  0       2         0      
       int58.obj                  0       2         0      
       int59.obj                  0       2         0      
       int60.obj                  0       2         0      
       int61.obj                  0       2         0      
       int62.obj                  0       2         0      
       startup.obj                2       0         0      
    +--+--------------------------+-------+---------+---------+
       Total:                     15804   475       40     
                                                           
       Heap:                      0       0         3072   
       Stack:                     0       0         2048   
       Linker Generated:          0       157       0      
    +--+--------------------------+-------+---------+---------+
       Grand Total:               30046   2442      8213   


LINKER GENERATED COPY TABLES

__TI_cinit_table @ 00004e90 records: 5, size/record: 8, table size: 40
	.data: load addr=00004e1a, load size=00000051 bytes, run addr=00003112, run size=00000110 bytes, compression=lzss
	.TI.bound:flash_array: load addr=00004e78, load size=00000006 bytes, run addr=00022400, run size=00000800 bytes, compression=zero_init
	.bss: load addr=00004e7e, load size=00000006 bytes, run addr=00003000, run size=00000111 bytes, compression=zero_init
	.config: load addr=00004e84, load size=00000006 bytes, run addr=00001800, run size=000001e0 bytes, compression=zero_init
	.sfx_id: load addr=00004e8a, load size=00000006 bytes, run addr=00022200, run size=00000014 bytes, compression=zero_init


LINKER GENERATED HANDLER TABLE

__TI_handler_table @ 00004e6c records: 3, size/record: 4, table size: 12
	index: 0, handler: __TI_zero_init
	index: 1, handler: __TI_decompress_lzss
	index: 2, handler: __TI_decompress_none


GLOBAL SYMBOLS: SORTED ALPHABETICALLY BY Name 

address   name                                           
-------   ----                                           
00000740  ADC10CTL0                                      
00000741  ADC10CTL0_H                                    
00000740  ADC10CTL0_L                                    
00000742  ADC10CTL1                                      
00000743  ADC10CTL1_H                                    
00000742  ADC10CTL1_L                                    
00000744  ADC10CTL2                                      
00000745  ADC10CTL2_H                                    
00000744  ADC10CTL2_L                                    
00000748  ADC10HI                                        
00000749  ADC10HI_H                                      
00000748  ADC10HI_L                                      
0000075a  ADC10IE                                        
0000075b  ADC10IE_H                                      
0000075a  ADC10IE_L                                      
0000075c  ADC10IFG                                       
0000075d  ADC10IFG_H                                     
0000075c  ADC10IFG_L                                     
0000075e  ADC10IV                                        
0000075f  ADC10IV_H                                      
0000075e  ADC10IV_L                                      
00000746  ADC10LO                                        
00000747  ADC10LO_H                                      
00000746  ADC10LO_L                                      
0000074a  ADC10MCTL0                                     
0000074b  ADC10MCTL0_H                                   
0000074a  ADC10MCTL0_L                                   
00000752  ADC10MEM0                                      
00000753  ADC10MEM0_H                                    
00000752  ADC10MEM0_L                                    
000173e0  C$$EXIT                                        
000008c0  CBCTL0                                         
000008c1  CBCTL0_H                                       
000008c0  CBCTL0_L                                       
000008c2  CBCTL1                                         
000008c3  CBCTL1_H                                       
000008c2  CBCTL1_L                                       
000008c4  CBCTL2                                         
000008c5  CBCTL2_H                                       
000008c4  CBCTL2_L                                       
000008c6  CBCTL3                                         
000008c7  CBCTL3_H                                       
000008c6  CBCTL3_L                                       
000008cc  CBINT                                          
000008cd  CBINT_H                                        
000008cc  CBINT_L                                        
000008ce  CBIV                                           
00000150  CRCDI                                          
00000152  CRCDIRB                                        
00000153  CRCDIRB_H                                      
00000152  CRCDIRB_L                                      
00000151  CRCDI_H                                        
00000150  CRCDI_L                                        
00000154  CRCINIRES                                      
00000155  CRCINIRES_H                                    
00000154  CRCINIRES_L                                    
00000156  CRCRESR                                        
00000157  CRCRESR_H                                      
00000156  CRCRESR_L                                      
00000510  DMA0CTL                                        
00000511  DMA0CTL_H                                      
00000510  DMA0CTL_L                                      
00000516  DMA0DA                                         
00000518  DMA0DAH                                        
00000516  DMA0DAL                                        
00000512  DMA0SA                                         
00000514  DMA0SAH                                        
00000512  DMA0SAL                                        
0000051a  DMA0SZ                                         
00000520  DMA1CTL                                        
00000521  DMA1CTL_H                                      
00000520  DMA1CTL_L                                      
00000526  DMA1DA                                         
00000528  DMA1DAH                                        
00000526  DMA1DAL                                        
00000522  DMA1SA                                         
00000524  DMA1SAH                                        
00000522  DMA1SAL                                        
0000052a  DMA1SZ                                         
00000530  DMA2CTL                                        
00000531  DMA2CTL_H                                      
00000530  DMA2CTL_L                                      
00000536  DMA2DA                                         
00000538  DMA2DAH                                        
00000536  DMA2DAL                                        
00000532  DMA2SA                                         
00000534  DMA2SAH                                        
00000532  DMA2SAL                                        
0000053a  DMA2SZ                                         
00000500  DMACTL0                                        
00000501  DMACTL0_H                                      
00000500  DMACTL0_L                                      
00000502  DMACTL1                                        
00000503  DMACTL1_H                                      
00000502  DMACTL1_L                                      
00000504  DMACTL2                                        
00000505  DMACTL2_H                                      
00000504  DMACTL2_L                                      
00000506  DMACTL3                                        
00000507  DMACTL3_H                                      
00000506  DMACTL3_L                                      
00000508  DMACTL4                                        
00000509  DMACTL4_H                                      
00000508  DMACTL4_L                                      
0000050e  DMAIV                                          
0000050f  DMAIV_H                                        
0000050e  DMAIV_L                                        
00003000  DynamicMemoryTable                             
00000140  FCTL1                                          
00000141  FCTL1_H                                        
00000140  FCTL1_L                                        
00000144  FCTL3                                          
00000145  FCTL3_H                                        
00000144  FCTL3_L                                        
00000146  FCTL4                                          
00000147  FCTL4_H                                        
00000146  FCTL4_L                                        
000004c4  MAC                                            
000004da  MAC32H                                         
000004db  MAC32H_H                                       
000004da  MAC32H_L                                       
000004d8  MAC32L                                         
000004d9  MAC32L_H                                       
000004d8  MAC32L_L                                       
000004c6  MACS                                           
000004de  MACS32H                                        
000004df  MACS32H_H                                      
000004de  MACS32H_L                                      
000004dc  MACS32L                                        
000004dd  MACS32L_H                                      
000004dc  MACS32L_L                                      
000004c7  MACS_H                                         
000004c6  MACS_L                                         
000004c5  MAC_H                                          
000004c4  MAC_L                                          
00015578  MANUF_API_aes_128_cbc_encrypt                  
000173a6  MANUF_API_change_frequency                     
00014e56  MANUF_API_delay                                
00016d72  MANUF_API_free                                 
00016e26  MANUF_API_get_nv_mem                           
000172b6  MANUF_API_get_rssi                             
0001708c  MANUF_API_get_voltage_temperature              
00016d26  MANUF_API_malloc                               
00016ffc  MANUF_API_rf_init                              
000160b8  MANUF_API_rf_send                              
000173ae  MANUF_API_rf_stop                              
000170a2  MANUF_API_set_nv_mem                           
00016c86  MANUF_API_timer_start                          
000173ec  MANUF_API_timer_start_carrier_sense            
000173f0  MANUF_API_timer_stop                           
000173f4  MANUF_API_timer_stop_carrier_sense             
000170b8  MANUF_API_timer_wait_for_end                   
000173f8  MANUF_API_wait_for_clear_channel               
000143c4  MANUF_API_wait_frame                           
000004c0  MPY                                            
000004ec  MPY32CTL0                                      
000004ed  MPY32CTL0_H                                    
000004ec  MPY32CTL0_L                                    
000004d2  MPY32H                                         
000004d3  MPY32H_H                                       
000004d2  MPY32H_L                                       
000004d0  MPY32L                                         
000004d1  MPY32L_H                                       
000004d0  MPY32L_L                                       
000004c2  MPYS                                           
000004d6  MPYS32H                                        
000004d7  MPYS32H_H                                      
000004d6  MPYS32H_L                                      
000004d4  MPYS32L                                        
000004d5  MPYS32L_H                                      
000004d4  MPYS32L_L                                      
000004c3  MPYS_H                                         
000004c2  MPYS_L                                         
000004c1  MPY_H                                          
000004c0  MPY_L                                          
000004c8  OP2                                            
000004e2  OP2H                                           
000004e3  OP2H_H                                         
000004e2  OP2H_L                                         
000004e0  OP2L                                           
000004e1  OP2L_H                                         
000004e0  OP2L_L                                         
000004c9  OP2_H                                          
000004c8  OP2_L                                          
0000020e  P1IV                                           
0000021e  P2IV                                           
000001e0  P4MAP01                                        
000001e1  P4MAP01_H                                      
000001e0  P4MAP01_L                                      
000001e2  P4MAP23                                        
000001e3  P4MAP23_H                                      
000001e2  P4MAP23_L                                      
000001e4  P4MAP45                                        
000001e5  P4MAP45_H                                      
000001e4  P4MAP45_L                                      
000001e6  P4MAP67                                        
000001e7  P4MAP67_H                                      
000001e6  P4MAP67_L                                      
00000204  PADIR                                          
00000205  PADIR_H                                        
00000204  PADIR_L                                        
00000208  PADS                                           
00000209  PADS_H                                         
00000208  PADS_L                                         
0000021a  PAIE                                           
00000218  PAIES                                          
00000219  PAIES_H                                        
00000218  PAIES_L                                        
0000021b  PAIE_H                                         
0000021a  PAIE_L                                         
0000021c  PAIFG                                          
0000021d  PAIFG_H                                        
0000021c  PAIFG_L                                        
00000200  PAIN                                           
00000201  PAIN_H                                         
00000200  PAIN_L                                         
00000202  PAOUT                                          
00000203  PAOUT_H                                        
00000202  PAOUT_L                                        
00000206  PAREN                                          
00000207  PAREN_H                                        
00000206  PAREN_L                                        
0000020a  PASEL                                          
0000020b  PASEL_H                                        
0000020a  PASEL_L                                        
00000224  PBDIR                                          
00000225  PBDIR_H                                        
00000224  PBDIR_L                                        
00000228  PBDS                                           
00000229  PBDS_H                                         
00000228  PBDS_L                                         
00000220  PBIN                                           
00000221  PBIN_H                                         
00000220  PBIN_L                                         
00000222  PBOUT                                          
00000223  PBOUT_H                                        
00000222  PBOUT_L                                        
00000226  PBREN                                          
00000227  PBREN_H                                        
00000226  PBREN_L                                        
0000022a  PBSEL                                          
0000022b  PBSEL_H                                        
0000022a  PBSEL_L                                        
00000244  PCDIR                                          
00000245  PCDIR_H                                        
00000244  PCDIR_L                                        
00000248  PCDS                                           
00000249  PCDS_H                                         
00000248  PCDS_L                                         
00000240  PCIN                                           
00000241  PCIN_H                                         
00000240  PCIN_L                                         
00000242  PCOUT                                          
00000243  PCOUT_H                                        
00000242  PCOUT_L                                        
00000246  PCREN                                          
00000247  PCREN_H                                        
00000246  PCREN_L                                        
0000024a  PCSEL                                          
0000024b  PCSEL_H                                        
0000024a  PCSEL_L                                        
00000324  PJDIR                                          
00000325  PJDIR_H                                        
00000324  PJDIR_L                                        
00000328  PJDS                                           
00000329  PJDS_H                                         
00000328  PJDS_L                                         
00000320  PJIN                                           
00000321  PJIN_H                                         
00000320  PJIN_L                                         
00000322  PJOUT                                          
00000323  PJOUT_H                                        
00000322  PJOUT_L                                        
00000326  PJREN                                          
00000327  PJREN_H                                        
00000326  PJREN_L                                        
00000130  PM5CTL0                                        
00000131  PM5CTL0_H                                      
00000130  PM5CTL0_L                                      
000001c2  PMAPCTL                                        
000001c3  PMAPCTL_H                                      
000001c2  PMAPCTL_L                                      
000001c0  PMAPKEYID                                      
000001c1  PMAPKEYID_H                                    
000001c0  PMAPKEYID_L                                    
00000120  PMMCTL0                                        
00000121  PMMCTL0_H                                      
00000120  PMMCTL0_L                                      
00000122  PMMCTL1                                        
00000123  PMMCTL1_H                                      
00000122  PMMCTL1_L                                      
0000012c  PMMIFG                                         
0000012d  PMMIFG_H                                       
0000012c  PMMIFG_L                                       
0000012e  PMMRIE                                         
0000012f  PMMRIE_H                                       
0000012e  PMMRIE_L                                       
00013fda  RADIO_change_frequency                         
00016fae  RADIO_close_chip                               
00014f98  RADIO_init_chip                                
0001393e  RADIO_modulate                                 
00015d28  RADIO_start_rf_carrier                         
00016008  RADIO_stop_rf_carrier                          
00000158  RCCTL0                                         
00000159  RCCTL0_H                                       
00000158  RCCTL0_L                                       
000001b0  REFCTL0                                        
000001b1  REFCTL0_H                                      
000001b0  REFCTL0_L                                      
000004e4  RES0                                           
000004e5  RES0_H                                         
000004e4  RES0_L                                         
000004e6  RES1                                           
000004e7  RES1_H                                         
000004e6  RES1_L                                         
000004e8  RES2                                           
000004e9  RES2_H                                         
000004e8  RES2_L                                         
000004ea  RES3                                           
000004eb  RES3_H                                         
000004ea  RES3_L                                         
000004cc  RESHI                                          
000004cd  RESHI_H                                        
000004cc  RESHI_L                                        
000004ca  RESLO                                          
000004cb  RESLO_H                                        
000004ca  RESLO_L                                        
000031ec  RSSI                                           
000004ba  RTCADOWDAY                                     
000004bb  RTCADOWDAY_H                                   
000004ba  RTCADOWDAY_L                                   
000004b8  RTCAMINHR                                      
000004b9  RTCAMINHR_H                                    
000004b8  RTCAMINHR_L                                    
000004a0  RTCCTL01                                       
000004a1  RTCCTL01_H                                     
000004a0  RTCCTL01_L                                     
000004a2  RTCCTL23                                       
000004a3  RTCCTL23_H                                     
000004a2  RTCCTL23_L                                     
000004b4  RTCDATE                                        
000004b5  RTCDATE_H                                      
000004b4  RTCDATE_L                                      
000004ae  RTCIV                                          
000004ac  RTCPS                                          
000004a8  RTCPS0CTL                                      
000004a9  RTCPS0CTL_H                                    
000004a8  RTCPS0CTL_L                                    
000004aa  RTCPS1CTL                                      
000004ab  RTCPS1CTL_H                                    
000004aa  RTCPS1CTL_L                                    
000004ad  RTCPS_H                                        
000004ac  RTCPS_L                                        
000004b0  RTCTIM0                                        
000004b1  RTCTIM0_H                                      
000004b0  RTCTIM0_L                                      
000004b2  RTCTIM1                                        
000004b3  RTCTIM1_H                                      
000004b2  RTCTIM1_L                                      
000004b6  RTCYEAR                                        
000004b7  RTCYEAR_H                                      
000004b6  RTCYEAR_L                                      
000044a4  RTC_ISR                                        
00004dfc  Rcon                                           
00000100  SFRIE1                                         
00000101  SFRIE1_H                                       
00000100  SFRIE1_L                                       
00000102  SFRIFG1                                        
00000103  SFRIFG1_H                                      
00000102  SFRIFG1_L                                      
00000104  SFRRPCR                                        
00000105  SFRRPCR_H                                      
00000104  SFRRPCR_L                                      
000031d6  SFX_CONFIG_MODES                               
00003112  SFX_CONFIG_WORDS                               
000031de  SFX_DEFAULT_CHANNEL_TABLE                      
00003142  SFX_FREQUENCIES                                
0001666c  SIGFOX_API_close                               
00012cfc  SIGFOX_API_open                                
000171c6  SIGFOX_API_reset                               
000128f0  SIGFOX_API_send_frame                          
0001610e  SIGFOX_API_set_std_config                      
00016982  SIGFOX_CRC_crc16                               
000169b8  SIGFOX_CRC_crc8                                
00013cbe  SIGFOX_DECODE_decode_frame                     
00016210  SIGFOX_HMAC_compute_aes                        
0001320a  SIGFOX_INT_build_frame                         
00014ada  SIGFOX_INT_receive_frame                       
00011950  SIGFOX_INT_send_frame                          
00015e42  SIGFOX_PN_next_pn                              
0001547c  SIGFOX_SCRAMB_compute                          
000004ce  SUMEXT                                         
000004cf  SUMEXT_H                                       
000004ce  SUMEXT_L                                       
00000124  SVSMHCTL                                       
00000125  SVSMHCTL_H                                     
00000124  SVSMHCTL_L                                     
00000128  SVSMIO                                         
00000129  SVSMIO_H                                       
00000128  SVSMIO_L                                       
00000126  SVSMLCTL                                       
00000127  SVSMLCTL_H                                     
00000126  SVSMLCTL_L                                     
00000198  SYSBERRIV                                      
00000199  SYSBERRIV_H                                    
00000198  SYSBERRIV_L                                    
00000182  SYSBSLC                                        
00000183  SYSBSLC_H                                      
00000182  SYSBSLC_L                                      
00000180  SYSCTL                                         
00000181  SYSCTL_H                                       
00000180  SYSCTL_L                                       
00000186  SYSJMBC                                        
00000187  SYSJMBC_H                                      
00000186  SYSJMBC_L                                      
00000188  SYSJMBI0                                       
00000189  SYSJMBI0_H                                     
00000188  SYSJMBI0_L                                     
0000018a  SYSJMBI1                                       
0000018b  SYSJMBI1_H                                     
0000018a  SYSJMBI1_L                                     
0000018c  SYSJMBO0                                       
0000018d  SYSJMBO0_H                                     
0000018c  SYSJMBO0_L                                     
0000018e  SYSJMBO1                                       
0000018f  SYSJMBO1_H                                     
0000018e  SYSJMBO1_L                                     
0000019e  SYSRSTIV                                       
0000019f  SYSRSTIV_H                                     
0000019e  SYSRSTIV_L                                     
0000019c  SYSSNIV                                        
0000019d  SYSSNIV_H                                      
0000019c  SYSSNIV_L                                      
0000019a  SYSUNIV                                        
0000019b  SYSUNIV_H                                      
0000019a  SYSUNIV_L                                      
00003104  SysState                                       
00000352  TA0CCR0                                        
00000354  TA0CCR1                                        
00000356  TA0CCR2                                        
00000358  TA0CCR3                                        
0000035a  TA0CCR4                                        
00000342  TA0CCTL0                                       
00000344  TA0CCTL1                                       
00000346  TA0CCTL2                                       
00000348  TA0CCTL3                                       
0000034a  TA0CCTL4                                       
[...]
0000321c  errno                                          
0000321e  __TI_enable_exit_profile_output                
00003c00  _stack                                         
00004400  __STACK_END                                    
00004400  port1_ISR                                      
00004452  port2_ISR                                      
000044a4  RTC_ISR                                        
000044e6  USCI_A0_ISR                                    
00004506  _c_int00_noargs                                
00004522  TIMER1_ISR                                     
0000453a  TIMERA0_ISR                                    
0000454c  __TI_ISR_TRAP                                  
00004554  __TI_INITARRAY_Base                            
00004558  __TI_INITARRAY_Limit                           
00004758  _ctypes_                                       
0000485a  rsbox                                          
0000495a  sbox                                           
00004c2a  fsync_lut_tx                                   
00004cde  _ZTSN10__cxxabiv120__si_class_type_infoE       
00004d04  _ZTSN10__cxxabiv117__class_type_infoE          
00004d44  log_alpha                                      
00004d54  pow_alpha                                      
00004d64  _ZTV10SerialPort                               
00004d74  _ZTVN10__cxxabiv117__class_type_infoE          
00004d84  _ZTVN10__cxxabiv120__si_class_type_infoE       
00004da4  _ZTS10SerialPort                               
00004db2  _ZTSSt9type_info                               
00004dd8  _ZTIN10__cxxabiv117__class_type_infoE          
00004de4  _ZTIN10__cxxabiv120__si_class_type_infoE       
00004dfc  Rcon                                           
00004e06  _ZTI10SerialPort                               
00004e0e  _ZTISt9type_info                               
00004e6c  __TI_Handler_Table_Base                        
00004e78  __TI_Handler_Table_Limit                       
00004e90  __TI_CINIT_Base                                
00004eb8  __TI_CINIT_Limit                               
0000d7d2  __TI_int41                                     
0000d7d4  __TI_int42                                     
0000d7d6  __TI_int43                                     
0000d7d8  __TI_int44                                     
0000d7da  __TI_int45                                     
0000d7dc  __TI_int46                                     
0000d7de  __TI_int47                                     
0000d7e0  __TI_int48                                     
0000d7e2  __TI_int49                                     
0000d7e4  __TI_int50                                     
0000d7e8  __TI_int52                                     
0000d7ea  __TI_int53                                     
0000d7ec  __TI_int54                                     
0000d7ee  __TI_int55                                     
0000d7f0  __TI_int56                                     
0000d7f2  __TI_int57                                     
0000d7f4  __TI_int58                                     
0000d7f6  __TI_int59                                     
0000d7f8  __TI_int60                                     
0000d7fa  __TI_int61                                     
0000d7fc  __TI_int62                                     
0000d7fe  _reset_vector                                  
00010000  __TI_frcdivd                                   
00010478  aes_enc_dec                                    
00010bc2  __mspabi_divull                                
00010f10  __mspabi_addd                                  
000111e8  __TI_frcmpyd                                   
0001146e  __mspabi_mpyd                                  
00011950  SIGFOX_INT_send_frame                          
00011e0c  __TI_frcaddd                                   
0001205e  __TI_printfi                                   
000124be  __mspabi_divd                                  
000128f0  SIGFOX_API_send_frame                          
00012cfc  SIGFOX_API_open                                
0001306a  ldexp                                          
0001306a  ldexpl                                         
0001306a  scalbn                                         
0001306a  scalbnl                                        
0001320a  SIGFOX_INT_build_frame                         
0001369c  _ZN4Loka7pinModeE5digioh                       
0001393e  RADIO_modulate                                 
00013ba0  _ZN4Loka9setConfigEPKcS1_                      
00013cbe  SIGFOX_DECODE_decode_frame                     
00013dcc  _ZN4Loka28bspMcuGetSystemClockSettingsEmPhS0_Pm
00013eda  _ZN4Loka19bspSysClockSpeedSetEm                
00013fda  RADIO_change_frequency                         
000142ce  _ZN14SigfoxProtocol11turnOnRadioEv             
000142ce  _ZN6CC11256turnOnEv                            
000143c4  MANUF_API_wait_frame                           
0001449c  __mspabi_cmpd                                  
00014648  configure_uart                                 
000147e2  _ZN10SerialPort4initEilmm                      
000148a6  _ZN4Loka4initEv                                
00014962  malloc                                         
00014a1e  write_parameter                                
00014ada  SIGFOX_INT_receive_frame                       
00014b94  flash_write_wear_level                         
00014c4c  __TI_renormd                                   
00014cfe  frexp                                          
00014cfe  frexpl                                         
00014e56  MANUF_API_delay                                
00014efa  __mspabi_fltlid                                
00014f98  RADIO_init_chip                                
00015030  _Z4loopv                                       
000151e0  free                                           
0001526e  __mspabi_cvtdf                                 
000152fa  _auto_init_hold_wdt                            
0001537c  __mspabi_fltuld                                
000153fc  ltoa                                           
0001547c  SIGFOX_SCRAMB_compute                          
000154fa  _ZN14SigfoxProtocol19processReceivedDataEiPh   
00015578  MANUF_API_aes_128_cbc_encrypt                  
00015668  __TI_decompress_lzss                           
00015756  _ZN4Loka16bspMcuSetVCoreUpEh                   
000157c4  _ZN7Console5debugEPcz                          
00015832  __mspabi_cvtfd                                 
000158a0  read_parameter                                 
0001590e  _Z12tc_rtos_initi                              
0001597a  _ZN10SerialPort5writeEh                        
000159e6  flash_read_wear_level                          
00015a52  uart_tx_isr                                    
00015abe  _ZN14SigfoxProtocol11srawMessageEPhi           
00015b28  _ZN6CC112515sendAndReadDataEPhiS0_             
00015b92  __mspabi_fixdul                                
00015bfa  __mspabi_fixdli                                
00015c60  copy_in                                        
00015cc6  atoi                                           
00015d28  RADIO_start_rf_carrier                         
00015d86  _ZN4Loka21set24MHzBoosterOnModeEv              
00015de4  intConnect                                     
00015e42  SIGFOX_PN_next_pn                              
00015e9e  console_debug                                  
00015efa  _ZN14SigfoxProtocol15sendAnalogValueEid        
00015f54  cc112xSpiReadReg                               
00015fae  cc112xSpiWriteReg                              
00016008  RADIO_stop_rf_carrier                          
00016060  __mspabi_divul                                 
00016060  __mspabi_remul                                 
000160b8  MANUF_API_rf_send                              
0001610e  SIGFOX_API_set_std_config                      
00016164  _ZN14SigfoxProtocol12turnOffRadioEv            
00016164  _ZN6CC11257turnOffEv                           
000161ba  __cxa_finalize                                 
00016210  SIGFOX_HMAC_compute_aes                        
00016264  flash_erase_segment                            
000162b6  _ZN4Loka21set1MHzBoosterOffModeEv              
00016306  __cxa_atexit                                   
000163a2  _ZN4Loka9getConfigEPKcPc                       
000163ee  exit                                           
00016438  intSetEdge                                     
00016482  store_char                                     
000164cc  insert_float                                   
00016514  trx16BitRegAccess                              
0001655c  _ZN10LokaAnalog10analogReadE5digio             
000165a2  flash_write_data                               
000165e6  sprintf                                        
0001662a  minit                                          
0001666c  SIGFOX_API_close                               
000166ac  _ZN4Loka27bspMcuSetVCoreForBoosterOffEv        
000166ec  __mspabi_divli                                 
000166ec  __mspabi_remli                                 
0001672c  _ZN6CC11254initEi                              
0001676a  __mspabi_sral_15                               
0001676e  __mspabi_sral_14                               
00016772  __mspabi_sral_13                               
00016776  __mspabi_sral_12                               
0001677a  __mspabi_sral_11                               
0001677e  __mspabi_sral_10                               
00016782  __mspabi_sral_9                                
00016786  __mspabi_sral_8                                
0001678a  __mspabi_sral_7                                
0001678e  __mspabi_sral_6                                
00016792  __mspabi_sral_5                                
00016796  __mspabi_sral_4                                
0001679a  __mspabi_sral_3                                
0001679e  __mspabi_sral_2                                
000167a2  __mspabi_sral_1                                
000167a8  __mspabi_slll_15                               
000167ac  __mspabi_slll_14                               
000167b0  __mspabi_slll_13                               
000167b4  __mspabi_slll_12                               
000167b8  __mspabi_slll_11                               
000167bc  __mspabi_slll_10                               
000167c0  __mspabi_slll_9                                
000167c4  __mspabi_slll_8                                
000167c8  __mspabi_slll_7                                
000167cc  __mspabi_slll_6                                
000167d0  __mspabi_slll_5                                
000167d4  __mspabi_slll_4                                
000167d8  __mspabi_slll_3                                
000167dc  __mspabi_slll_2                                
000167e0  __mspabi_slll_1                                
000167e6  __mspabi_srll_15                               
000167ea  __mspabi_srll_14                               
000167ee  __mspabi_srll_13                               
000167f2  __mspabi_srll_12                               
000167f6  __mspabi_srll_11                               
000167fa  __mspabi_srll_10                               
000167fe  __mspabi_srll_9                                
00016802  __mspabi_srll_8                                
00016806  __mspabi_srll_7                                
0001680a  __mspabi_srll_6                                
0001680e  __mspabi_srll_5                                
00016812  __mspabi_srll_4                                
00016816  __mspabi_srll_3                                
0001681a  __mspabi_srll_2                                
0001681e  __mspabi_srll_1                                
00016824  trxRfSpiInterfaceInit                          
00016862  __mspabi_sllll                                 
0001689c  __mspabi_srlll                                 
000168d6  trx8BitRegAccess                               
00016910  vsprintf                                       
0001694a  read_int                                       
00016982  SIGFOX_CRC_crc16                               
000169b8  SIGFOX_CRC_crc8                                
000169ee  _ZN4Loka15setLowPowerModeEi                    
00016a22  flash_seg_erase                                
00016a56  trxRfSpiInterfaceDeinit                        
00016a8a  delay                                          
00016a8a  usleep                                         
00016abe  __mspabi_subd                                  
00016af0  _ZN4Loka18bspMcuSetVCoreDownEh                 
00016b20  _ZN4Loka14bspMcuStartXT1Ev                     
00016b4e  __mspabi_negd                                  
00016b7c  copysign                                       
00016b7c  copysignl                                      
00016baa  intClear                                       
00016bd8  intDisable                                     
00016c06  _ZN10SerialPort5writeEPc                       
00016c32  intEnable                                      
00016c5c  parameter_reset                                
00016c86  MANUF_API_timer_start                          
00016cae  TxProcess                                      
00016cd6  _ZN4Loka26bspMcuSetVCoreForBoosterOnEv         
00016cfe  __mspabi_fixdi                                 
00016d26  MANUF_API_malloc                               
00016d4c  trxSpiCmdStrobe                                
00016d72  MANUF_API_free                                 
00016dba  _ZN4Loka14bspMcuSetVCoreEh                     
00016dde  __TI_zero_init                                 
00016e02  __mspabi_mpyl_f5hw                             
00016e26  MANUF_API_get_nv_mem                           
00016e46  _ZN7Console4initEi                             
00016ea6  set_wakeup                                     
00016ee4  _ZN10SerialPort4initEil                        
00016f02  memccpy                                        
00016f20  trxIsrConnect                                  
00016f3e  flash_read_data                                
00016f5a  init_rtc                                       
00016f76  strchr                                         
00016f92  strcmp                                         
00016fae  RADIO_close_chip                               
00016fc8  TIMER_bitrate_init                             
00016fe2  uart_rx_isr                                    
00016ffc  MANUF_API_rf_init                              
00017014  _ZN10LokaAnalog4initEv                         
0001702c  _ZN4Loka7StopSVSEv                             
00017044  _ZN4Loka8StartSVSEv                            
0001705c  __sti___11_Console_cpp_1b5f5091                
00017074  __mspabi_mpyi_f5hw                             
0001708c  MANUF_API_get_voltage_temperature              
000170a2  MANUF_API_set_nv_mem                           
000170b8  MANUF_API_timer_wait_for_end                   
000170ce  _Z5setupv                                      
000170e4  _ZN4Loka10analogReadE5digio                    
000170fa  memset                                         
00017110  __mspabi_divu                                  
00017110  __mspabi_remu                                  
00017126  _ZN14SigfoxProtocol7sendAckEv                  
00017162  memcpy                                         
00017176  start_timer                                    
0001718a  trxClearIntFlag                                
0001719e  trxDisableInt                                  
000171b2  trxEnableInt                                   
000171c6  SIGFOX_API_reset                               
000171d8  _ZN7Console5writeEPc                           
000171d8  console_write                                  
000171ea  __mspabi_fixdu                                 
000171fc  __TI_decompress_none                           
0001720e  main                                           
00017220  millis                                         
00017232  strcpy                                         
00017244  toupper                                        
00017256  cc112xSpiReadRxFifo                            
00017266  galois_mul2                                    
00017276  __mspabi_sral                                  
00017286  __mspabi_slll                                  
00017296  __mspabi_srll                                  
000172a6  pause_timer                                    
000172b6  MANUF_API_get_rssi                             
000172c4  TIMER_bitrate_start                            
000172d2  TxInit                                         
000172e0  _ZN10LokaAnalog13startADC_2_5VEv               
000172ee  _ZN10LokaAnalog7stopADCEv                      
000172fc  strlen                                         
0001730a  TIMER_bitrate_stop                             
00017316  _ZN4Loka11eraseConfigEv                        
00017322  __mspabi_fltid                                 
0001732e  _ZN10SerialPortC1Ev                            
0001732e  _ZN10SerialPortC2Ev                            
00017338  _ZN10SerialPortD0Ev                            
00017342  _ZN10__cxxabiv117__class_type_infoD0Ev         
0001734c  _ZN10__cxxabiv120__si_class_type_infoD0Ev      
00017356  _ZN14SigfoxProtocol4initE10SigfoxMode          
00017360  _ZN4Loka19getCurrentFrequencyEv                
0001736a  _ZdlPv                                         
00017374  abs                                            
0001737e  getTime                                        
00017388  __mspabi_slli                                  
00017392  __mspabi_srli                                  
0001739c  setTime                                        
000173a6  MANUF_API_change_frequency                     
000173ae  MANUF_API_rf_stop                              
000173be  _ZN4Loka13watchdogResetEv                      
000173c6  _ZN4Loka15disableWatchdogEv                    
000173ce  _ZN6CC11258sendDataEPhi                        
000173d4  __cxa_ia64_exit                                
000173da  __mspabi_fltud                                 
000173e0  C$$EXIT                                        
000173e0  abort                                          
000173e6  set_timer_base                                 
000173ec  MANUF_API_timer_start_carrier_sense            
000173f0  MANUF_API_timer_stop                           
000173f4  MANUF_API_timer_stop_carrier_sense             
000173f8  MANUF_API_wait_for_clear_channel               
000173fc  _system_pre_init                               
00017400  _ZN10SerialPortD1Ev                            
00017400  _ZN10SerialPortD2Ev                            
00017402  _ZN10__cxxabiv117__class_type_infoD1Ev         
00017402  _ZN10__cxxabiv117__class_type_infoD2Ev         
00017404  _ZN10__cxxabiv120__si_class_type_infoD1Ev      
00017404  _ZN10__cxxabiv120__si_class_type_infoD2Ev      
00017406  _nop                                           
00017408  _system_post_cinit                             
00022200  sfx_ids                                        
00022400  flash_array                                    
ffffffff  __TI_pprof_out_hndl                            
ffffffff  __TI_prof_data_size                            
ffffffff  __TI_prof_data_start                           
ffffffff  __c_args__                                     
UNDEFED   __TI_BINIT_Base                                
UNDEFED   __TI_BINIT_Limit                               

[928 symbols]
